[html.themeholy.com/bame/demo/index.html]
[backblue.gif]
[fade.gif]
[index.html]
[html.themeholy.com/bame/demo/assets/img/favicons/apple-icon-57x57.png]
[html.themeholy.com/bame/demo/assets/img/favicons/apple-icon-60x60.png]
[html.themeholy.com/bame/demo/assets/img/favicons/apple-icon-72x72.png]
[html.themeholy.com/bame/demo/assets/img/favicons/apple-icon-76x76.png]
[html.themeholy.com/bame/demo/assets/img/favicons/apple-icon-114x114.png]
[html.themeholy.com/bame/demo/assets/img/favicons/apple-icon-120x120.png]
[html.themeholy.com/bame/demo/assets/img/favicons/apple-icon-144x144.png]
[html.themeholy.com/bame/demo/assets/img/favicons/apple-icon-152x152.png]
[html.themeholy.com/bame/demo/assets/img/favicons/apple-icon-180x180.png]
[html.themeholy.com/bame/demo/assets/img/favicons/android-icon-192x192.png]
[html.themeholy.com/bame/demo/assets/img/favicons/favicon-32x32.png]
[html.themeholy.com/bame/demo/assets/img/favicons/favicon-96x96.png]
[html.themeholy.com/bame/demo/assets/img/favicons/favicon-16x16.png]
[html.themeholy.com/bame/demo/assets/img/favicons/manifest.json]
[html.themeholy.com/bame/demo/assets/img/favicons/ms-icon-144x144.png]
[html.themeholy.com/bame/demo/assets/css/app.min.css]
[html.themeholy.com/bame/demo/assets/css/fontawesome.min.css]
[html.themeholy.com/bame/demo/assets/img/product/product_details_1_1.png]
[html.themeholy.com/bame/demo/assets/css/style.css]
[html.themeholy.com/bame/demo/shop-details.html]
[html.themeholy.com/bame/demo/wishlist.html]
[html.themeholy.com/bame/demo/shop.html]
[html.themeholy.com/bame/demo/assets/img/product/product_thumb_1_1.png]
[html.themeholy.com/bame/demo/assets/img/product/product_thumb_1_2.png]
[html.themeholy.com/bame/demo/assets/img/product/product_thumb_1_3.png]
[html.themeholy.com/bame/demo/assets/img/product/product_thumb_1_4.png]
[html.themeholy.com/bame/demo/assets/img/product/product_thumb_1_5.png]
[html.themeholy.com/bame/demo/cart.html]
[html.themeholy.com/bame/demo/checkout.html]
[html.themeholy.com/bame/demo/assets/img/icon/x-twitter-icon.svg]
[html.themeholy.com/bame/demo/assets/img/icon/instagram-icon.svg]
[html.themeholy.com/bame/demo/assets/img/icon/google-playstore-icon.svg]
[html.themeholy.com/bame/demo/assets/img/logo.svg]
[html.themeholy.com/bame/demo/blog-details.html]
[html.themeholy.com/bame/demo/assets/img/blog/recent-post-1-1.jpg]
[html.themeholy.com/bame/demo/blog.html]
[html.themeholy.com/bame/demo/assets/img/blog/recent-post-1-2.jpg]
[html.themeholy.com/bame/demo/assets/img/blog/recent-post-1-3.jpg]
[html.themeholy.com/bame/demo/home-2.html]
[html.themeholy.com/bame/demo/about.html]
[html.themeholy.com/bame/demo/tournament.html]
[html.themeholy.com/bame/demo/tournament-details.html]
[html.themeholy.com/bame/demo/team.html]
[html.themeholy.com/bame/demo/team-details.html]
[html.themeholy.com/bame/demo/game.html]
[html.themeholy.com/bame/demo/game-details.html]
[html.themeholy.com/bame/demo/gallery.html]
[html.themeholy.com/bame/demo/point-table.html]
[html.themeholy.com/bame/demo/error.html]
[html.themeholy.com/bame/demo/contact.html]
[html.themeholy.com/bame/demo/assets/img/hero/hero-bg1-1.png]
[html.themeholy.com/bame/demo/assets/img/hero/hero-title-bg-shape1.svg]
[html.themeholy.com/bame/demo/assets/img/hero/hero-bg-shape.png]
[html.themeholy.com/bame/demo/assets/img/tournament/game-vs1.svg]
[html.themeholy.com/bame/demo/assets/img/hero/hero-1-1.png]
[html.themeholy.com/bame/demo/assets/img/hero/hero-1-2.png]
[html.themeholy.com/bame/demo/assets/img/hero/hero-1-3.png]
[html.themeholy.com/bame/demo/assets/img/hero/hero-1-4.png]
[html.themeholy.com/bame/demo/assets/img/hero/hero-1-5.png]
[html.themeholy.com/bame/demo/assets/img/hero/hero-1-6.png]
[html.themeholy.com/bame/demo/assets/img/bg/jiji-bg.png]
[html.themeholy.com/bame/demo/assets/img/normal/star.png]
[html.themeholy.com/bame/demo/service-details.html]
[html.themeholy.com/bame/demo/assets/img/bg/about-bg1.png]
[html.themeholy.com/bame/demo/assets/img/normal/about1-1.png]
[html.themeholy.com/bame/demo/assets/img/normal/about1-2.png]
[html.themeholy.com/bame/demo/assets/img/icon/about_feature_1.svg]
[html.themeholy.com/bame/demo/assets/img/icon/about_feature_2.svg]
[html.themeholy.com/bame/demo/assets/img/icon/about_feature_3.svg]
[html.themeholy.com/bame/demo/assets/img/bg/game-sec1-bg.png]
[html.themeholy.com/bame/demo/assets/img/game/1-1.png]
[html.themeholy.com/bame/demo/assets/img/game/logo1-1.png]
[html.themeholy.com/bame/demo/assets/img/game/1-2.png]
[html.themeholy.com/bame/demo/assets/img/game/logo1-2.png]
[html.themeholy.com/bame/demo/assets/img/game/1-3.png]
[html.themeholy.com/bame/demo/assets/img/game/logo1-3.png]
[html.themeholy.com/bame/demo/assets/img/game/1-4.png]
[html.themeholy.com/bame/demo/assets/img/game/logo1-4.png]
[html.themeholy.com/bame/demo/assets/img/bg/feature-sec1-bg.png]
[html.themeholy.com/bame/demo/assets/img/icon/feature_1.svg]
[html.themeholy.com/bame/demo/assets/img/icon/feature_2.svg]
[html.themeholy.com/bame/demo/assets/img/icon/feature_3.svg]
[html.themeholy.com/bame/demo/assets/img/bg/tournament-sec1-bg.png]
[html.themeholy.com/bame/demo/assets/img/tournament/1-1.png]
[html.themeholy.com/bame/demo/assets/img/tournament/1-2.png]
[html.themeholy.com/bame/demo/assets/img/tournament/1-3.png]
[html.themeholy.com/bame/demo/assets/img/tournament/1-4.png]
[html.themeholy.com/bame/demo/assets/img/tournament/1-5.png]
[html.themeholy.com/bame/demo/assets/img/tournament/1-6.png]
[html.themeholy.com/bame/demo/assets/img/video/1-1.png]
[html.themeholy.com/bame/demo/assets/img/video/1-2.png]
[html.themeholy.com/bame/demo/assets/img/video/1-3.png]
[html.themeholy.com/bame/demo/assets/img/bg/team-sec1-bg.png]
[html.themeholy.com/bame/demo/assets/img/team/1-1.png]
[html.themeholy.com/bame/demo/assets/img/team/game-logo1-1.png]
[html.themeholy.com/bame/demo/assets/img/team/1-2.png]
[html.themeholy.com/bame/demo/assets/img/team/game-logo1-2.png]
[html.themeholy.com/bame/demo/assets/img/team/1-3.png]
[html.themeholy.com/bame/demo/assets/img/team/game-logo1-3.png]
[html.themeholy.com/bame/demo/assets/img/team/1-4.png]
[html.themeholy.com/bame/demo/assets/img/team/game-logo1-4.png]
[html.themeholy.com/bame/demo/assets/img/team/1-5.png]
[html.themeholy.com/bame/demo/assets/img/team/game-logo1-5.png]
[html.themeholy.com/bame/demo/assets/img/shape/cta-bg-shape1.svg]
[html.themeholy.com/bame/demo/assets/img/bg/cta-sec1-bg.png]
[html.themeholy.com/bame/demo/assets/img/normal/cta1-1.png]
[html.themeholy.com/bame/demo/assets/img/product/product_1_1.png]
[html.themeholy.com/bame/demo/assets/img/product/product_1_2.png]
[html.themeholy.com/bame/demo/assets/img/product/product_1_3.png]
[html.themeholy.com/bame/demo/assets/img/product/product_1_4.png]
[html.themeholy.com/bame/demo/assets/img/product/product_1_5.png]
[html.themeholy.com/bame/demo/assets/img/product/product_1_6.png]
[html.themeholy.com/bame/demo/assets/img/product/product_1_7.png]
[html.themeholy.com/bame/demo/assets/img/product/product_1_8.png]
[html.themeholy.com/bame/demo/assets/img/blog/blog_1_1.jpg]
[html.themeholy.com/bame/demo/assets/img/blog/blog_1_2.jpg]
[html.themeholy.com/bame/demo/assets/img/blog/blog_1_3.jpg]
[html.themeholy.com/bame/demo/assets/img/client/1-1.png]
[html.themeholy.com/bame/demo/assets/img/client/1-2.png]
[html.themeholy.com/bame/demo/assets/img/client/1-3.png]
[html.themeholy.com/bame/demo/assets/img/client/1-4.png]
[html.themeholy.com/bame/demo/assets/img/client/1-5.png]
[html.themeholy.com/bame/demo/assets/img/client/1-6.png]
[html.themeholy.com/bame/demo/assets/img/client/1-7.png]
[html.themeholy.com/bame/demo/assets/img/client/1-8.png]
[html.themeholy.com/bame/demo/assets/img/client/1-9.png]
[html.themeholy.com/bame/demo/assets/img/bg/footer2-bg.png]
[html.themeholy.com/bame/demo/assets/img/normal/footer-apple-btn.png]
[html.themeholy.com/bame/demo/assets/img/normal/footer-playstore-btn.png]
[html.themeholy.com/bame/demo/assets/js/vendor/jquery-3.7.1.min.js]
[html.themeholy.com/bame/demo/assets/js/app.min.js]
[html.themeholy.com/bame/demo/assets/js/main.js]
[html.themeholy.com/bame/demo/index.html]
[html.themeholy.com/bame/demo/assets/css/app.min.css]
[html.themeholy.com/bame/demo/assets/fonts/fontawesome/fa-brands-400.woff2]
[html.themeholy.com/bame/demo/assets/fonts/fontawesome/fa-duotone-900.woff2]
[html.themeholy.com/bame/demo/assets/fonts/fontawesome/fa-brands-400.ttf]
[html.themeholy.com/bame/demo/assets/fonts/fontawesome/fa-light-300.woff2]
[html.themeholy.com/bame/demo/assets/fonts/fontawesome/fa-duotone-900.ttf]
[html.themeholy.com/bame/demo/assets/fonts/fontawesome/fa-regular-400.woff2]
[html.themeholy.com/bame/demo/assets/fonts/fontawesome/fa-light-300.ttf]
[html.themeholy.com/bame/demo/assets/fonts/fontawesome/fa-solid-900.woff2]
[html.themeholy.com/bame/demo/assets/fonts/fontawesome/fa-solid-900.ttf]
[html.themeholy.com/bame/demo/assets/fonts/fontawesome/fa-thin-100.woff2]
[html.themeholy.com/bame/demo/assets/fonts/fontawesome/fa-regular-400.ttf]
[html.themeholy.com/bame/demo/assets/css/fontawesome.min.css]
[html.themeholy.com/bame/demo/assets/fonts/fontawesome/fa-thin-100.ttf]
[html.themeholy.com/bame/demo/assets/img/cursor.svg]
[html.themeholy.com/bame/demo/assets/img/theme-img/th-social-bg.svg]
[html.themeholy.com/bame/demo/assets/img/bg/tournament-card2-bg.png]
[html.themeholy.com/bame/demo/assets/css/style.css]
[html.themeholy.com/bame/demo/assets/img/bg/breadcumb-bg.jpg]
[html.themeholy.com/bame/demo/assets/img/blog/comment-author-1.jpg]
[html.themeholy.com/bame/demo/assets/img/blog/comment-author-2.jpg]
[html.themeholy.com/bame/demo/assets/img/blog/comment-author-3.jpg]
[html.themeholy.com/bame/demo/assets/img/blog/comment-author-4.jpg]
[html.themeholy.com/bame/demo/shop-details.html]
[html.themeholy.com/bame/demo/wishlist.html]
[html.themeholy.com/bame/demo/assets/img/product/product_1_9.png]
[html.themeholy.com/bame/demo/assets/img/product/product_1_10.png]
[html.themeholy.com/bame/demo/assets/img/product/product_1_11.png]
[html.themeholy.com/bame/demo/assets/img/product/product_1_12.png]
[html.themeholy.com/bame/demo/shop.html]
[html.themeholy.com/bame/demo/cart.html]
[html.themeholy.com/bame/demo/checkout.html]
[html.themeholy.com/bame/demo/assets/img/logo.svg]
[html.themeholy.com/bame/demo/assets/img/icon/x-twitter-icon.svg]
[html.themeholy.com/bame/demo/assets/img/icon/instagram-icon.svg]
[html.themeholy.com/bame/demo/assets/img/icon/google-playstore-icon.svg]
[html.themeholy.com/bame/demo/assets/img/blog/blog-s-1-1.jpg]
[html.themeholy.com/bame/demo/assets/img/blog/blog_inner_1.jpg]
[html.themeholy.com/bame/demo/assets/img/blog/blog_inner_2.jpg]
[html.themeholy.com/bame/demo/assets/img/blog/blog-author.jpg]
[html.themeholy.com/bame/demo/blog-details.html]
[html.themeholy.com/bame/demo/assets/img/blog/blog-s-1-2.jpg]
[html.themeholy.com/bame/demo/assets/img/blog/blog-s-1-4.jpg]
[html.themeholy.com/bame/demo/assets/img/blog/blog-s-1-3.jpg]
[html.themeholy.com/bame/demo/blog.html]
[html.themeholy.com/bame/demo/assets/img/hero/hero-bg2-1.png]
[html.themeholy.com/bame/demo/assets/img/hero/hero-2-1.png]
[html.themeholy.com/bame/demo/assets/img/hero/hero-2-2.png]
[html.themeholy.com/bame/demo/assets/img/hero/hero-2-3.png]
[html.themeholy.com/bame/demo/assets/img/game/2-1.png]
[html.themeholy.com/bame/demo/assets/img/game/logo2-1.png]
[html.themeholy.com/bame/demo/assets/img/game/2-2.png]
[html.themeholy.com/bame/demo/assets/img/game/logo2-2.png]
[html.themeholy.com/bame/demo/assets/img/game/2-3.png]
[html.themeholy.com/bame/demo/assets/img/game/logo2-3.png]
[html.themeholy.com/bame/demo/assets/img/game/2-4.png]
[html.themeholy.com/bame/demo/assets/img/game/logo2-4.png]
[html.themeholy.com/bame/demo/assets/img/game/2-5.png]
[html.themeholy.com/bame/demo/assets/img/game/logo2-5.png]
[html.themeholy.com/bame/demo/assets/img/game/2-6.png]
[html.themeholy.com/bame/demo/assets/img/game/logo2-6.png]
[html.themeholy.com/bame/demo/assets/img/bg/about-bg2.png]
[html.themeholy.com/bame/demo/assets/img/normal/about2-1.png]
[html.themeholy.com/bame/demo/assets/img/icon/about_feature_2_1.svg]
[html.themeholy.com/bame/demo/assets/img/icon/about_feature_2_2.svg]
[html.themeholy.com/bame/demo/assets/img/icon/about_feature_2_3.svg]
[html.themeholy.com/bame/demo/assets/img/team/team-tab-logo2-1.png]
[html.themeholy.com/bame/demo/assets/img/team/team-tab-logo2-2.png]
[html.themeholy.com/bame/demo/assets/img/team/team-tab-logo2-3.png]
[html.themeholy.com/bame/demo/assets/img/team/team-tab-logo2-4.png]
[html.themeholy.com/bame/demo/assets/img/team/team-tab-logo2-5.png]
[html.themeholy.com/bame/demo/assets/img/team/team-tab-logo2-6.png]
[html.themeholy.com/bame/demo/assets/img/team/team-tab-logo2-7.png]
[html.themeholy.com/bame/demo/assets/img/team/team-tab-logo2-8.png]
[html.themeholy.com/bame/demo/assets/img/team/team-tab-logo2-9.png]
[html.themeholy.com/bame/demo/assets/img/bg/tournament-sec2-bg.png]
[html.themeholy.com/bame/demo/assets/img/bg/video-sec2-bg-shape.png]
[html.themeholy.com/bame/demo/assets/img/bg/cta-wrap2-bg-shape2.png]
[html.themeholy.com/bame/demo/assets/img/bg/cta-wrap2-bg-shape.png]
[html.themeholy.com/bame/demo/assets/img/theme-img/cta-wrap2-border-shape.svg]
[html.themeholy.com/bame/demo/assets/img/bg/tournament-table-sec1-bg.png]
[html.themeholy.com/bame/demo/assets/img/tournament/1-7.png]
[html.themeholy.com/bame/demo/assets/img/bg/jiji-bg2.png]
[html.themeholy.com/bame/demo/assets/img/bg/blog-sec2-bg.png]
[html.themeholy.com/bame/demo/assets/img/blog/blog_card2_bg.jpg]
[html.themeholy.com/bame/demo/assets/img/blog/blog_card2_img-shape.jpg]
[html.themeholy.com/bame/demo/assets/img/blog/blog_2_1.jpg]
[html.themeholy.com/bame/demo/assets/img/blog/blog_2_2.jpg]
[html.themeholy.com/bame/demo/assets/img/blog/blog_2_3.jpg]
[html.themeholy.com/bame/demo/assets/img/instagram/1-1.png]
[html.themeholy.com/bame/demo/assets/img/instagram/1-2.png]
[html.themeholy.com/bame/demo/assets/img/instagram/1-3.png]
[html.themeholy.com/bame/demo/assets/img/instagram/1-4.png]
[html.themeholy.com/bame/demo/assets/img/instagram/1-5.png]
[html.themeholy.com/bame/demo/home-2.html]
[html.themeholy.com/bame/demo/assets/img/bg/tournament-sec3-bg.png]
[html.themeholy.com/bame/demo/assets/img/tournament/cup.png]
[html.themeholy.com/bame/demo/assets/img/tournament/1-12.png]
[html.themeholy.com/bame/demo/assets/img/normal/about3-2.png]
[html.themeholy.com/bame/demo/assets/img/normal/about3-1.png]
[html.themeholy.com/bame/demo/about.html]
[html.themeholy.com/bame/demo/assets/img/tournament/1-9.png]
[html.themeholy.com/bame/demo/assets/img/tournament/1-10.png]
[html.themeholy.com/bame/demo/assets/img/tournament/1-11.png]
[html.themeholy.com/bame/demo/assets/img/tournament/1-13.png]
[html.themeholy.com/bame/demo/assets/img/logo-icon.svg]
[html.themeholy.com/bame/demo/assets/img/tournament/1-14.png]
[html.themeholy.com/bame/demo/assets/img/tournament/1-8.png]
[html.themeholy.com/bame/demo/tournament.html]
[html.themeholy.com/bame/demo/assets/img/tournament/tournament-s-1-1.png]
[html.themeholy.com/bame/demo/assets/img/tournament/tournament-s-1-2.png]
[html.themeholy.com/bame/demo/assets/img/tournament/tournament-s-team1-1.png]
[html.themeholy.com/bame/demo/assets/img/tournament/tournament-s-team1-2.png]
[html.themeholy.com/bame/demo/assets/img/tournament/tournament-s-team1-3.png]
[html.themeholy.com/bame/demo/assets/img/tournament/tournament-s-team1-4.png]
[html.themeholy.com/bame/demo/assets/img/tournament/tournament-s-team1-5.png]
[html.themeholy.com/bame/demo/assets/img/tournament/tournament-s-team1-6.png]
[html.themeholy.com/bame/demo/assets/img/tournament/tournament-s-team1-7.png]
[html.themeholy.com/bame/demo/assets/img/tournament/tournament-s-team1-8.png]
[html.themeholy.com/bame/demo/assets/img/widget/widget-ad.png]
[html.themeholy.com/bame/demo/tournament-details.html]
[html.themeholy.com/bame/demo/assets/img/team/1-6.png]
[html.themeholy.com/bame/demo/assets/img/team/game-logo1-6.png]
[html.themeholy.com/bame/demo/assets/img/team/1-7.png]
[html.themeholy.com/bame/demo/assets/img/team/1-8.png]
[html.themeholy.com/bame/demo/team.html]
[html.themeholy.com/bame/demo/assets/img/team/team_inner_1.png]
[html.themeholy.com/bame/demo/assets/img/gallery/gallery_2_1.jpg]
[html.themeholy.com/bame/demo/assets/img/gallery/gallery_2_2.jpg]
[html.themeholy.com/bame/demo/assets/img/gallery/gallery_2_3.jpg]
[html.themeholy.com/bame/demo/assets/img/gallery/gallery_2_4.jpg]
[html.themeholy.com/bame/demo/assets/img/gallery/gallery_2_5.jpg]
[html.themeholy.com/bame/demo/assets/img/gallery/gallery_2_6.jpg]
[html.themeholy.com/bame/demo/team-details.html]
[html.themeholy.com/bame/demo/game.html]
[html.themeholy.com/bame/demo/assets/img/game/game-s-1-1.png]
[html.themeholy.com/bame/demo/assets/img/widget/widget-apple-btn.png]
[html.themeholy.com/bame/demo/assets/img/widget/widget-playstore-btn.png]
[html.themeholy.com/bame/demo/game-details.html]
[html.themeholy.com/bame/demo/assets/img/gallery/gallery_1_1.jpg]
[html.themeholy.com/bame/demo/assets/img/gallery/gallery_1_2.jpg]
[html.themeholy.com/bame/demo/assets/img/gallery/gallery_1_3.jpg]
[html.themeholy.com/bame/demo/assets/img/gallery/gallery_1_4.jpg]
[html.themeholy.com/bame/demo/assets/img/gallery/gallery_1_5.jpg]
[html.themeholy.com/bame/demo/assets/img/gallery/gallery_1_6.jpg]
[html.themeholy.com/bame/demo/assets/img/gallery/gallery_1_7.jpg]
[html.themeholy.com/bame/demo/gallery.html]
[html.themeholy.com/bame/demo/point-table.html]
[html.themeholy.com/bame/demo/assets/img/bg/error-bg.png]
[html.themeholy.com/bame/demo/error.html]
[html.themeholy.com/bame/demo/assets/img/theme-img/error.svg]
[html.themeholy.com/bame/demo/assets/img/icon/contact-map-icon1.svg]
[html.themeholy.com/bame/demo/assets/img/icon/contact-phone-icon1.svg]
[html.themeholy.com/bame/demo/contact.html]
[html.themeholy.com/bame/demo/assets/img/hero/hero-title-bg-shape1.svg]
[html.themeholy.com/bame/demo/assets/img/tournament/game-vs1.svg]
[html.themeholy.com/bame/demo/assets/img/icon/contact-envelope-icon1.svg]
[html.themeholy.com/bame/demo/service-details.html]
[html.themeholy.com/bame/demo/assets/img/icon/about_feature_1.svg]
[html.themeholy.com/bame/demo/assets/img/icon/about_feature_2.svg]
[html.themeholy.com/bame/demo/assets/img/icon/about_feature_3.svg]
[html.themeholy.com/bame/demo/assets/img/icon/feature_1.svg]
[html.themeholy.com/bame/demo/assets/img/icon/feature_2.svg]
[html.themeholy.com/bame/demo/assets/img/icon/feature_3.svg]
[html.themeholy.com/bame/demo/assets/img/shape/cta-bg-shape1.svg]
[html.themeholy.com/bame/demo/assets/img/cursor.svg]
[html.themeholy.com/bame/demo/assets/img/theme-img/th-social-bg.svg]
[html.themeholy.com/bame/demo/assets/img/shape/star.html]
[html.themeholy.com/bame/demo/assets/img/icon/process_arrow2-1.html]
[html.themeholy.com/bame/demo/assets/img/process/process-card-bg2-1.html]
[html.themeholy.com/bame/demo/shop-detailis.html]
[html.themeholy.com/bame/demo/assets/img/icon/about_feature_2_1.svg]
[html.themeholy.com/bame/demo/assets/img/icon/about_feature_2_2.svg]
[html.themeholy.com/bame/demo/assets/img/icon/about_feature_2_3.svg]
[html.themeholy.com/bame/demo/assets/img/theme-img/cta-wrap2-border-shape.svg]
[html.themeholy.com/bame/demo/assets/img/logo-icon.svg]
[html.themeholy.com/bame/demo/assets/img/theme-img/error.svg]
[html.themeholy.com/bame/demo/assets/img/icon/contact-map-icon1.svg]
[html.themeholy.com/bame/demo/assets/img/icon/contact-phone-icon1.svg]
[html.themeholy.com/bame/demo/assets/img/icon/contact-envelope-icon1.svg]
[html.themeholy.com/bame/demo/assets/img/service/service_inner_1.html]
[html.themeholy.com/bame/demo/assets/img/service/service_inner_2.html]
[html.themeholy.com/bame/demo/assets/img/bg/service_card_bg_1.html]
[html.themeholy.com/bame/demo/assets/img/icon/service_card_1.html]
[html.themeholy.com/bame/demo/assets/img/icon/service_card_2.html]
[html.themeholy.com/bame/demo/assets/img/service/service_inner_3.html]
[html.themeholy.com/bame/demo/assets/img/service/service_inner_4.html]
[html.themeholy.com/bame/demo/assets/img/service/service_inner_5.html]
[html.themeholy.com/bame/demo/assets/img/service/service_inner_6.html]
[html.themeholy.com/bame/demo/assets/img/service/service_inner_7.html]
[html.themeholy.com/bame/demo/assets/img/service/service_inner_8.html]
